{
    "ucp": {
        "version": "2026-01-01",
        "capabilities": [
            {
                "name": "dev.ucp.product-search",
                "version": "2026-01-01"
            },
            {
                "name": "dev.ucp.availability",
                "version": "2026-01-01"
            },
            {
                "name": "dev.ucp.shipping-estimate",
                "version": "2026-01-01"
            },
            {
                "name": "dev.ucp.checkout",
                "version": "2026-01-01"
            }
        ]
    },
    "data": {
        "sku": "woo-tshirt",
        "name": "T-Shirt",
        "in_stock": true,
        "stock_status": "instock",
        "stock_quantity": null,
        "price": "18",
        "regular_price": "18",
        "sale_price": null,
        "currency": "USD",
        "backorders_allowed": false
    }
}