{
    "ucp": {
        "version": "2026-01-01",
        "services": {
            "dev.ucp.commerce": {
                "version": "2026-01-01",
                "spec": "https:\/\/ucp.dev\/services\/commerce",
                "rest": {
                    "schema": "https:\/\/ucp-plugin.test\/.well-known\/ucp\/openapi.json",
                    "endpoint": "https:\/\/ucp-plugin.test\/wp-json\/ucp\/v1"
                }
            }
        },
        "capabilities": [
            {
                "name": "dev.ucp.product-search",
                "version": "2026-01-01",
                "spec": "https:\/\/ucp.dev\/capabilities\/product-search",
                "schema": "https:\/\/ucp.dev\/schemas\/product-search.json"
            },
            {
                "name": "dev.ucp.availability",
                "version": "2026-01-01",
                "spec": "https:\/\/ucp.dev\/capabilities\/availability",
                "schema": "https:\/\/ucp.dev\/schemas\/availability.json"
            },
            {
                "name": "dev.ucp.shipping-estimate",
                "version": "2026-01-01",
                "spec": "https:\/\/ucp.dev\/capabilities\/shipping-estimate",
                "schema": "https:\/\/ucp.dev\/schemas\/shipping-estimate.json"
            },
            {
                "name": "dev.ucp.checkout",
                "version": "2026-01-01",
                "spec": "https:\/\/ucp.dev\/capabilities\/checkout",
                "schema": "https:\/\/ucp.dev\/schemas\/checkout.json"
            }
        ]
    },
    "payment": {
        "handlers": [
            {
                "id": "ucp_agent",
                "name": "UCP Agent Payment",
                "version": "2026-01-01",
                "spec": "https:\/\/ucp.dev\/payment-handlers\/agent",
                "config": {
                    "supported_methods": [
                        "card",
                        "wallet"
                    ]
                }
            }
        ]
    },
    "signing_keys": []
}